// Jest Snapshot v1, https://goo.gl/fbAQLP

exports[`changes the class when hovered 1`] = `
<div
  className="search-field-wrapper"
>
  <label
    className="search-field-label"
  >
    Search
  </label>
  <img
    alt="search"
    className="search-field-icon"
    src="search.svg"
  />
  <div
    aria-expanded={false}
    aria-haspopup="listbox"
    aria-owns="react-autowhatever-1"
    className="react-autosuggest__container"
    role="combobox"
  >
    <input
      aria-activedescendant={null}
      aria-autocomplete="list"
      aria-controls="react-autowhatever-1"
      autoComplete="off"
      className="react-autosuggest__input"
      onBlur={[Function]}
      onChange={[Function]}
      onFocus={[Function]}
      onKeyDown={[Function]}
      placeholder="Search by product"
      type="text"
      value=""
    />
    <div
      className="react-autosuggest__suggestions-container"
      id="react-autowhatever-1"
      role="listbox"
    />
  </div>
</div>
`;
