// Jest Snapshot v1, https://goo.gl/fbAQLP

exports[`renders search results 1`] = `
<div
  className="app-page"
>
  <header
    className="app-header"
    role="header"
  >
    <div
      className="app-header-content"
    >
      <a
        className="app-header-brand"
        href="/"
      >
        <img
          alt="Apple"
          src="apple-logo.svg"
        />
        <span
          className="app-header-brand-name"
        >
          Search+
        </span>
      </a>
      <div />
    </div>
  </header>
  <div
    className="app-page-content"
  >
    <div
      className="search-result-content"
    >
      <div
        className="top-sticky-controls"
      >
        <div
          className="search-bar-background"
        >
          <div
            className="search-bar-container"
          >
            <div
              className="search-bar-input-wrapper"
            >
              <div
                className="search-field-wrapper"
              >
                <img
                  alt="search"
                  className="search-field-icon"
                  src="search.svg"
                />
                <div
                  aria-expanded={false}
                  aria-haspopup="listbox"
                  aria-owns="react-autowhatever-1"
                  className="react-autosuggest__container"
                  role="combobox"
                >
                  <input
                    aria-activedescendant={null}
                    aria-autocomplete="list"
                    aria-controls="react-autowhatever-1"
                    autoComplete="off"
                    autoFocus={true}
                    className="react-autosuggest__input"
                    onBlur={[Function]}
                    onChange={[Function]}
                    onFocus={[Function]}
                    onKeyDown={[Function]}
                    placeholder="Search by product name"
                    type="text"
                    value=""
                  />
                  <div
                    className="react-autosuggest__suggestions-container"
                    id="react-autowhatever-1"
                    role="listbox"
                  />
                </div>
              </div>
              <span
                className="horizontal-divider"
              />
              <div
                className="search-field-wrapper"
              >
                <img
                  alt="search"
                  className="search-field-icon"
                  src="search.svg"
                />
                <div
                  aria-expanded={false}
                  aria-haspopup="listbox"
                  aria-owns="react-autowhatever-1"
                  className="react-autosuggest__container"
                  role="combobox"
                >
                  <input
                    aria-activedescendant={null}
                    aria-autocomplete="list"
                    aria-controls="react-autowhatever-1"
                    autoComplete="off"
                    className="react-autosuggest__input"
                    onBlur={[Function]}
                    onChange={[Function]}
                    onFocus={[Function]}
                    onKeyDown={[Function]}
                    placeholder="Search by location name"
                    type="text"
                    value=""
                  />
                  <div
                    className="react-autosuggest__suggestions-container"
                    id="react-autowhatever-1"
                    role="listbox"
                  />
                </div>
              </div>
            </div>
            <button
              className="custom-button button-primary"
              onClick={[Function]}
              role="button"
              type="button"
            >
              Search
            </button>
          </div>
        </div>
      </div>
      <div
        className="search-result-list"
      />
    </div>
  </div>
</div>
`;
